CREATE EXTENSION hint_parser;
-- Hints with correct format
SELECT * FROM hint_parser('i(i)');
 hint | contents 
------+----------
 i    | i
(1 row)

SELECT * FROM hint_parser('hint1(content1)hint2(content2)');
 hint  | contents 
-------+----------
 hint1 | content1
 hint2 | content2
(2 rows)

SELECT * FROM hint_parser('hint1( content1 ) hint2  ( content2 )');
 hint  | contents 
-------+----------
 hint1 | content1
 hint2 | content2
(2 rows)

SELECT * FROM hint_parser('  hint1 ( content1 ) h2 (c2) h3 (c3 )');
 hint  | contents 
-------+----------
 hint1 | content1
 h2    | c2
 h3    | c3
(3 rows)

-- Broken hints
SELECT hint_parser('');
ERROR:  syntax error at end of input
SELECT hint_parser('I');
ERROR:  syntax error at end of input
SELECT hint_parser('I (AA) I2');
ERROR:  syntax error at end of input
SELECT hint_parser('I( II ) I2( I099 ) I3 (UUKA');
ERROR:  syntax error at end of input
DROP EXTENSION hint_parser;
